// Jest Snapshot v1, https://goo.gl/fbAQLP

exports[`Copyright component match snapshot reference 1`] = `
<DocumentFragment>
  <p
    class="MuiTypography-root MuiTypography-body2 MuiTypography-colorTextSecondary MuiTypography-alignCenter"
  >
    Copyright Â© 
    <a
      class="MuiTypography-root MuiLink-root MuiLink-underlineHover MuiTypography-colorInherit"
      href="https://www.engie.fr/"
    >
      engie-agency
    </a>
     2021.
  </p>
</DocumentFragment>
`;
