// Jest Snapshot v1, https://goo.gl/fbAQLP

exports[`CustomTable component match snapshot reference 1`] = `<DocumentFragment />`;
